// Jest Snapshot v1, https://goo.gl/fbAQLP

exports[`Header should render correctly 1`] = `
.c0 {
  display: -webkit-box;
  display: -webkit-flex;
  display: -ms-flexbox;
  display: flex;
  padding: 16px 0;
  background-color: blue;
}

<header
  className="c0"
>
  Mock Content
</header>
`;
